ethernetif.c:139:6:HAL_ETH_MspInit	64	static
ethernetif.c:204:6:HAL_ETH_MspDeInit	16	static
ethernetif.c:249:6:HAL_ETH_RxCpltCallback	16	static
ethernetif.c:268:13:low_level_init	192	static
ethernetif.c:433:14:low_level_output	80	static
ethernetif.c:479:22:low_level_input	104	static,ignoring_inline_asm
ethernetif.c:525:6:ethernetif_input	24	static
ethernetif.c:583:7:ethernetif_init	16	static
ethernetif.c:627:6:pbuf_free_custom	24	static
ethernetif.c:642:7:sys_jiffies	8	static
ethernetif.c:653:7:sys_now	8	static
ethernetif.c:668:9:ETH_PHY_IO_Init	8	static
ethernetif.c:685:9:ETH_PHY_IO_DeInit	4	static
ethernetif.c:697:9:ETH_PHY_IO_ReadReg	24	static
ethernetif.c:714:9:ETH_PHY_IO_WriteReg	24	static
ethernetif.c:728:9:ETH_PHY_IO_GetTick	8	static
ethernetif.c:739:6:ethernet_link_thread	136	static
