ethernetif.c:132:6:HAL_ETH_MspInit	64	static
ethernetif.c:194:6:HAL_ETH_MspDeInit	16	static
ethernetif.c:245:13:low_level_init	32	static
ethernetif.c:351:14:low_level_output	80	static
ethernetif.c:397:22:low_level_input	104	static,ignoring_inline_asm
ethernetif.c:446:6:ethernetif_input	24	static
ethernetif.c:502:7:ethernetif_init	16	static
ethernetif.c:546:6:pbuf_free_custom	24	static
ethernetif.c:561:7:sys_jiffies	8	static
ethernetif.c:572:7:sys_now	8	static
ethernetif.c:587:9:ETH_PHY_IO_Init	8	static
ethernetif.c:604:9:ETH_PHY_IO_DeInit	4	static
ethernetif.c:616:9:ETH_PHY_IO_ReadReg	24	static
ethernetif.c:633:9:ETH_PHY_IO_WriteReg	24	static
ethernetif.c:647:9:ETH_PHY_IO_GetTick	8	static
ethernetif.c:657:6:ethernet_link_check_state	136	static
